Analysis & Synthesis report for Dram_test_system
Thu May 14 09:37:18 2026
Quartus II Version 9.0 Build 132 02/25/2009 SJ Full Version


---------------------
; Table of Contents ;
---------------------
  1. Legal Notice
  2. Analysis & Synthesis Summary
  3. Analysis & Synthesis Settings
  4. Analysis & Synthesis Source Files Read
  5. Analysis & Synthesis Resource Usage Summary
  6. Analysis & Synthesis Resource Utilization by Entity
  7. State Machine - |Dram_test_system|DRAM_CYCLE_CTRL:u1|state
  8. State Machine - |Dram_test_system|UART_INTERFACE:u0|state
  9. Registers Removed During Synthesis
 10. General Register Statistics
 11. Inverted Register Statistics
 12. Multiplexer Restructuring Statistics (Restructuring Performed)
 13. Analysis & Synthesis Messages



----------------
; Legal Notice ;
----------------
Copyright (C) 1991-2009 Altera Corporation
Your use of Altera Corporation's design tools, logic functions 
and other software and tools, and its AMPP partner logic 
functions, and any output files from any of the foregoing 
(including device programming or simulation files), and any 
associated documentation or information are expressly subject 
to the terms and conditions of the Altera Program License 
Subscription Agreement, Altera MegaCore Function License 
Agreement, or other applicable license agreement, including, 
without limitation, that your use is for the sole purpose of 
programming logic devices manufactured by Altera and sold by 
Altera or its authorized distributors.  Please refer to the 
applicable agreement for further details.



+------------------------------------------------------------------------+
; Analysis & Synthesis Summary                                           ;
+-----------------------------+------------------------------------------+
; Analysis & Synthesis Status ; Successful - Thu May 14 09:37:18 2026    ;
; Quartus II Version          ; 9.0 Build 132 02/25/2009 SJ Full Version ;
; Revision Name               ; Dram_test_system                         ;
; Top-level Entity Name       ; Dram_test_system                         ;
; Family                      ; Cyclone                                  ;
; Total logic elements        ; 123                                      ;
; Total pins                  ; 31                                       ;
; Total virtual pins          ; 0                                        ;
; Total memory bits           ; 0                                        ;
; Total PLLs                  ; 0                                        ;
+-----------------------------+------------------------------------------+


+----------------------------------------------------------------------------------------------------------+
; Analysis & Synthesis Settings                                                                            ;
+----------------------------------------------------------------+--------------------+--------------------+
; Option                                                         ; Setting            ; Default Value      ;
+----------------------------------------------------------------+--------------------+--------------------+
; Device                                                         ; EP1C12Q240I7       ;                    ;
; Top-level entity name                                          ; Dram_test_system   ; Dram_test_system   ;
; Family name                                                    ; Cyclone            ; Stratix II         ;
; Type of Retiming Performed During Resynthesis                  ; Full               ;                    ;
; Resynthesis Optimization Effort                                ; Normal             ;                    ;
; Physical Synthesis Level for Resynthesis                       ; Normal             ;                    ;
; Use Generated Physical Constraints File                        ; On                 ;                    ;
; Use smart compilation                                          ; Off                ; Off                ;
; Restructure Multiplexers                                       ; Auto               ; Auto               ;
; Create Debugging Nodes for IP Cores                            ; Off                ; Off                ;
; Preserve fewer node names                                      ; On                 ; On                 ;
; Disable OpenCore Plus hardware evaluation                      ; Off                ; Off                ;
; Verilog Version                                                ; Verilog_2001       ; Verilog_2001       ;
; VHDL Version                                                   ; VHDL93             ; VHDL93             ;
; State Machine Processing                                       ; Auto               ; Auto               ;
; Safe State Machine                                             ; Off                ; Off                ;
; Extract Verilog State Machines                                 ; On                 ; On                 ;
; Extract VHDL State Machines                                    ; On                 ; On                 ;
; Ignore Verilog initial constructs                              ; Off                ; Off                ;
; Iteration limit for constant Verilog loops                     ; 5000               ; 5000               ;
; Iteration limit for non-constant Verilog loops                 ; 250                ; 250                ;
; Add Pass-Through Logic to Inferred RAMs                        ; On                 ; On                 ;
; Parallel Synthesis                                             ; Off                ; Off                ;
; NOT Gate Push-Back                                             ; On                 ; On                 ;
; Power-Up Don't Care                                            ; On                 ; On                 ;
; Remove Redundant Logic Cells                                   ; Off                ; Off                ;
; Remove Duplicate Registers                                     ; On                 ; On                 ;
; Ignore CARRY Buffers                                           ; Off                ; Off                ;
; Ignore CASCADE Buffers                                         ; Off                ; Off                ;
; Ignore GLOBAL Buffers                                          ; Off                ; Off                ;
; Ignore ROW GLOBAL Buffers                                      ; Off                ; Off                ;
; Ignore LCELL Buffers                                           ; Off                ; Off                ;
; Ignore SOFT Buffers                                            ; On                 ; On                 ;
; Limit AHDL Integers to 32 Bits                                 ; Off                ; Off                ;
; Optimization Technique                                         ; Balanced           ; Balanced           ;
; Carry Chain Length                                             ; 70                 ; 70                 ;
; Auto Carry Chains                                              ; On                 ; On                 ;
; Auto Open-Drain Pins                                           ; On                 ; On                 ;
; Perform WYSIWYG Primitive Resynthesis                          ; Off                ; Off                ;
; Auto ROM Replacement                                           ; On                 ; On                 ;
; Auto RAM Replacement                                           ; On                 ; On                 ;
; Auto Shift Register Replacement                                ; Auto               ; Auto               ;
; Auto Clock Enable Replacement                                  ; On                 ; On                 ;
; Strict RAM Replacement                                         ; Off                ; Off                ;
; Allow Synchronous Control Signals                              ; On                 ; On                 ;
; Force Use of Synchronous Clear Signals                         ; Off                ; Off                ;
; Auto RAM Block Balancing                                       ; On                 ; On                 ;
; Auto RAM to Logic Cell Conversion                              ; Off                ; Off                ;
; Auto Resource Sharing                                          ; Off                ; Off                ;
; Allow Any RAM Size For Recognition                             ; Off                ; Off                ;
; Allow Any ROM Size For Recognition                             ; Off                ; Off                ;
; Allow Any Shift Register Size For Recognition                  ; Off                ; Off                ;
; Use LogicLock Constraints during Resource Balancing            ; On                 ; On                 ;
; Ignore translate_off and synthesis_off directives              ; Off                ; Off                ;
; Show Parameter Settings Tables in Synthesis Report             ; On                 ; On                 ;
; Ignore Maximum Fan-Out Assignments                             ; Off                ; Off                ;
; Synchronization Register Chain Length                          ; 2                  ; 2                  ;
; PowerPlay Power Optimization                                   ; Normal compilation ; Normal compilation ;
; HDL message level                                              ; Level2             ; Level2             ;
; Suppress Register Optimization Related Messages                ; Off                ; Off                ;
; Number of Removed Registers Reported in Synthesis Report       ; 100                ; 100                ;
; Number of Inverted Registers Reported in Synthesis Report      ; 100                ; 100                ;
; Clock MUX Protection                                           ; On                 ; On                 ;
; Block Design Naming                                            ; Auto               ; Auto               ;
; Synthesis Effort                                               ; Auto               ; Auto               ;
; Allows Asynchronous Clear Usage For Shift Register Replacement ; On                 ; On                 ;
; Analysis & Synthesis Message Level                             ; Medium             ; Medium             ;
+----------------------------------------------------------------+--------------------+--------------------+


+-----------------------------------------------------------------------------------------------------------------------------------+
; Analysis & Synthesis Source Files Read                                                                                            ;
+----------------------------------+-----------------+------------------------------+-----------------------------------------------+
; File Name with User-Entered Path ; Used in Netlist ; File Type                    ; File Name with Absolute Path                  ;
+----------------------------------+-----------------+------------------------------+-----------------------------------------------+
; Dram_test_system.sv              ; yes             ; User SystemVerilog HDL File  ; D:/AntonovT/Studi/VKR_BAK/Dram_test_system.sv ;
; UART_INTERFACE.sv                ; yes             ; User SystemVerilog HDL File  ; D:/AntonovT/Studi/VKR_BAK/UART_INTERFACE.sv   ;
; DRAM_CYCLE_CTRL.sv               ; yes             ; User SystemVerilog HDL File  ; D:/AntonovT/Studi/VKR_BAK/DRAM_CYCLE_CTRL.sv  ;
+----------------------------------+-----------------+------------------------------+-----------------------------------------------+


+-----------------------------------------------------+
; Analysis & Synthesis Resource Usage Summary         ;
+---------------------------------------------+-------+
; Resource                                    ; Usage ;
+---------------------------------------------+-------+
; Total logic elements                        ; 123   ;
;     -- Combinational with no register       ; 47    ;
;     -- Register only                        ; 43    ;
;     -- Combinational with a register        ; 33    ;
;                                             ;       ;
; Logic element usage by number of LUT inputs ;       ;
;     -- 4 input functions                    ; 34    ;
;     -- 3 input functions                    ; 31    ;
;     -- 2 input functions                    ; 14    ;
;     -- 1 input functions                    ; 1     ;
;     -- 0 input functions                    ; 0     ;
;                                             ;       ;
; Logic elements by mode                      ;       ;
;     -- normal mode                          ; 115   ;
;     -- arithmetic mode                      ; 8     ;
;     -- qfbk mode                            ; 0     ;
;     -- register cascade mode                ; 0     ;
;     -- synchronous clear/load mode          ; 3     ;
;     -- asynchronous clear/load mode         ; 76    ;
;                                             ;       ;
; Total registers                             ; 76    ;
; Total logic cells in carry chains           ; 9     ;
; I/O pins                                    ; 31    ;
; Maximum fan-out node                        ; clk   ;
; Maximum fan-out                             ; 76    ;
; Total fan-out                               ; 543   ;
; Average fan-out                             ; 3.53  ;
+---------------------------------------------+-------+


+----------------------------------------------------------------------------------------------------------------------------------------------------------------------------------------------------------------------------------------+
; Analysis & Synthesis Resource Utilization by Entity                                                                                                                                                                                    ;
+----------------------------+-------------+--------------+-------------+------+--------------+--------------+-------------------+------------------+-----------------+------------+--------------------------------------+--------------+
; Compilation Hierarchy Node ; Logic Cells ; LC Registers ; Memory Bits ; Pins ; Virtual Pins ; LUT-Only LCs ; Register-Only LCs ; LUT/Register LCs ; Carry Chain LCs ; Packed LCs ; Full Hierarchy Name                  ; Library Name ;
+----------------------------+-------------+--------------+-------------+------+--------------+--------------+-------------------+------------------+-----------------+------------+--------------------------------------+--------------+
; |Dram_test_system          ; 123 (0)     ; 76           ; 0           ; 31   ; 0            ; 47 (0)       ; 43 (0)            ; 33 (0)           ; 9 (0)           ; 0 (0)      ; |Dram_test_system                    ; work         ;
;    |DRAM_CYCLE_CTRL:u1|    ; 56 (56)     ; 42           ; 0           ; 0    ; 0            ; 14 (14)      ; 35 (35)           ; 7 (7)            ; 0 (0)           ; 0 (0)      ; |Dram_test_system|DRAM_CYCLE_CTRL:u1 ; work         ;
;    |UART_INTERFACE:u0|     ; 67 (67)     ; 34           ; 0           ; 0    ; 0            ; 33 (33)      ; 8 (8)             ; 26 (26)          ; 9 (9)           ; 0 (0)      ; |Dram_test_system|UART_INTERFACE:u0  ; work         ;
+----------------------------+-------------+--------------+-------------+------+--------------+--------------+-------------------+------------------+-----------------+------------+--------------------------------------+--------------+
Note: For table entries with two numbers listed, the numbers in parentheses indicate the number of resources of the given type used by the specific entity alone. The numbers listed outside of parentheses indicate the total resources of the given type used by the specific entity and all of its sub-entities in the hierarchy.


Encoding Type:  One-Hot
+-------------------------------------------------------------------------------------------------+
; State Machine - |Dram_test_system|DRAM_CYCLE_CTRL:u1|state                                      ;
+----------------------+----------------+-----------------+----------------------+----------------+
; Name                 ; state.MEM_READ ; state.MEM_WRITE ; state.MEM_ADDR_LATCH ; state.MEM_IDLE ;
+----------------------+----------------+-----------------+----------------------+----------------+
; state.MEM_IDLE       ; 0              ; 0               ; 0                    ; 0              ;
; state.MEM_ADDR_LATCH ; 0              ; 0               ; 1                    ; 1              ;
; state.MEM_WRITE      ; 0              ; 1               ; 0                    ; 1              ;
; state.MEM_READ       ; 1              ; 0               ; 0                    ; 1              ;
+----------------------+----------------+-----------------+----------------------+----------------+


Encoding Type:  One-Hot
+--------------------------------------------------------------+
; State Machine - |Dram_test_system|UART_INTERFACE:u0|state    ;
+----------------+------------+----------------+---------------+
; Name           ; state.IDLE ; state.TRANSMIT ; state.RECEIVE ;
+----------------+------------+----------------+---------------+
; state.IDLE     ; 0          ; 0              ; 0             ;
; state.RECEIVE  ; 1          ; 0              ; 1             ;
; state.TRANSMIT ; 1          ; 1              ; 0             ;
+----------------+------------+----------------+---------------+


+-----------------------------------------------------------------------------------+
; Registers Removed During Synthesis                                                ;
+---------------------------------------+-------------------------------------------+
; Register name                         ; Reason for Removal                        ;
+---------------------------------------+-------------------------------------------+
; UART_INTERFACE:u0|tx_reg              ; Stuck at VCC due to stuck port data_in    ;
; DRAM_CYCLE_CTRL:u1|dram_cas_n         ; Merged with DRAM_CYCLE_CTRL:u1|dram_ras_n ;
; DRAM_CYCLE_CTRL:u1|state~34           ; Lost fanout                               ;
; DRAM_CYCLE_CTRL:u1|state~35           ; Lost fanout                               ;
; UART_INTERFACE:u0|state.TRANSMIT      ; Lost fanout                               ;
; Total Number of Removed Registers = 5 ;                                           ;
+---------------------------------------+-------------------------------------------+


+------------------------------------------------------+
; General Register Statistics                          ;
+----------------------------------------------+-------+
; Statistic                                    ; Value ;
+----------------------------------------------+-------+
; Total registers                              ; 76    ;
; Number of registers using Synchronous Clear  ; 0     ;
; Number of registers using Synchronous Load   ; 3     ;
; Number of registers using Asynchronous Clear ; 76    ;
; Number of registers using Asynchronous Load  ; 0     ;
; Number of registers using Clock Enable       ; 49    ;
; Number of registers using Preset             ; 0     ;
+----------------------------------------------+-------+


+--------------------------------------------------+
; Inverted Register Statistics                     ;
+----------------------------------------+---------+
; Inverted Register                      ; Fan out ;
+----------------------------------------+---------+
; DRAM_CYCLE_CTRL:u1|dram_ras_n          ; 3       ;
; DRAM_CYCLE_CTRL:u1|dram_we_n           ; 1       ;
; Total number of inverted registers = 2 ;         ;
+----------------------------------------+---------+


+-----------------------------------------------------------------------------------------------------------------------------------------------------------------+
; Multiplexer Restructuring Statistics (Restructuring Performed)                                                                                                  ;
+--------------------+-----------+---------------+----------------------+------------------------+------------+---------------------------------------------------+
; Multiplexer Inputs ; Bus Width ; Baseline Area ; Area if Restructured ; Saving if Restructured ; Registered ; Example Multiplexer Output                        ;
+--------------------+-----------+---------------+----------------------+------------------------+------------+---------------------------------------------------+
; 6:1                ; 4 bits    ; 16 LEs        ; 8 LEs                ; 8 LEs                  ; Yes        ; |Dram_test_system|UART_INTERFACE:u0|bit_cnt[3]    ;
; 6:1                ; 3 bits    ; 12 LEs        ; 12 LEs               ; 0 LEs                  ; Yes        ; |Dram_test_system|UART_INTERFACE:u0|data_ready[2] ;
; 7:1                ; 7 bits    ; 28 LEs        ; 7 LEs                ; 21 LEs                 ; Yes        ; |Dram_test_system|UART_INTERFACE:u0|shift_reg[3]  ;
; 6:1                ; 3 bits    ; 12 LEs        ; 6 LEs                ; 6 LEs                  ; No         ; |Dram_test_system|UART_INTERFACE:u0|Selector9     ;
; 10:1               ; 3 bits    ; 18 LEs        ; 12 LEs               ; 6 LEs                  ; No         ; |Dram_test_system|DRAM_CYCLE_CTRL:u1|Selector9    ;
+--------------------+-----------+---------------+----------------------+------------------------+------------+---------------------------------------------------+


+-------------------------------+
; Analysis & Synthesis Messages ;
+-------------------------------+
Info: *******************************************************************
Info: Running Quartus II Analysis & Synthesis
    Info: Version 9.0 Build 132 02/25/2009 SJ Full Version
    Info: Processing started: Thu May 14 09:37:17 2026
Info: Command: quartus_map --read_settings_files=on --write_settings_files=off Dram_test_system -c Dram_test_system
Info: Found 1 design units, including 1 entities, in source file Dram_test_system.sv
    Info: Found entity 1: Dram_test_system
Info: Found 1 design units, including 1 entities, in source file UART_INTERFACE.sv
    Info: Found entity 1: UART_INTERFACE
Info: Found 1 design units, including 1 entities, in source file DRAM_CYCLE_CTRL.sv
    Info: Found entity 1: DRAM_CYCLE_CTRL
Info: Elaborating entity "Dram_test_system" for the top level hierarchy
Info: Elaborating entity "UART_INTERFACE" for hierarchy "UART_INTERFACE:u0"
Info: Elaborating entity "DRAM_CYCLE_CTRL" for hierarchy "DRAM_CYCLE_CTRL:u1"
Warning: Output pins are stuck at VCC or GND
    Warning (13410): Pin "uart_txd" is stuck at VCC
Info: Registers with preset signals will power-up high
Info: 3 registers lost all their fanouts during netlist optimizations. The first 3 are displayed below.
    Info: Register "DRAM_CYCLE_CTRL:u1|state~34" lost all its fanouts during netlist optimizations.
    Info: Register "DRAM_CYCLE_CTRL:u1|state~35" lost all its fanouts during netlist optimizations.
    Info: Register "UART_INTERFACE:u0|state.TRANSMIT" lost all its fanouts during netlist optimizations.
Info: Implemented 154 device resources after synthesis - the final resource count might be different
    Info: Implemented 3 input pins
    Info: Implemented 20 output pins
    Info: Implemented 8 bidirectional pins
    Info: Implemented 123 logic cells
Info: Quartus II Analysis & Synthesis was successful. 0 errors, 2 warnings
    Info: Peak virtual memory: 237 megabytes
    Info: Processing ended: Thu May 14 09:37:18 2026
    Info: Elapsed time: 00:00:01
    Info: Total CPU time (on all processors): 00:00:01


